###############################################################################
#
# IAR ELF Linker V9.60.2.399/W64 for ARM                  24/Sep/2025  10:21:31
# Copyright 2007-2024 IAR Systems AB.
#
#    Output file  =  D:\vector\customers\snph\IAR\Debug\Exe\PointOfSales_v2.out
#    Map file     =
#        D:\vector\customers\snph\IAR\Debug\List\PointOfSales_v2.map
#    Command line =
#        -f D:\vector\customers\snph\IAR\Debug\Exe\PointOfSales_v2.out.rsp
#        (D:\vector\customers\snph\IAR\Debug\Obj\src_15346631385785888340.dir\database.o
#        D:\vector\customers\snph\IAR\Debug\Obj\src_15346631385785888340.dir\encrypt.o
#        D:\vector\customers\snph\IAR\Debug\Obj\src_15346631385785888340.dir\linked_list.o
#        D:\vector\customers\snph\IAR\Debug\Obj\src_15346631385785888340.dir\manager.o
#        D:\vector\customers\snph\IAR\Debug\Obj\src_15346631385785888340.dir\matrix_multiply.o
#        D:\vector\customers\snph\IAR\Debug\Obj\src_15346631385785888340.dir\pos_driver.o
#        D:\vector\customers\snph\IAR\Debug\Obj\src_15346631385785888340.dir\waiting_list.o
#        D:\vector\customers\snph\IAR\Debug\Obj\src_15346631385785888340.dir\whitebox.o
#        --no_out_extension -o
#        D:\vector\customers\snph\IAR\Debug\Exe\PointOfSales_v2.out --redirect
#        _Printf=_PrintfFullNoMb --redirect _Scanf=_ScanfFullNoMb --map
#        D:\vector\customers\snph\IAR\Debug\List\PointOfSales_v2.map --config
#        D:\vector\tools\iar.9.50\arm/config/linker/ST/stm32f746xG.icf
#        --redirect __write=__write_buffered --semihosting --entry
#        __iar_program_start --no_exceptions --no_vfe --text_out locale
#        --cpu=Cortex-M7 --fpu=VFPv5_sp) --dependencies=n
#        D:\vector\customers\snph\IAR\Debug\Exe\PointOfSales_v2.out.iar_deps
#
###############################################################################

*******************************************************************************
*** RUNTIME MODEL ATTRIBUTES
***

CppFlavor       = *
__CPP_Runtime   = 1
__Heap_Handler  = Basic
__SystemLibrary = DLib
__dlib_version  = 6


*******************************************************************************
*** HEAP SELECTION
***

The basic heap was selected because --advanced_heap
was not specified and the application did not appear to
be primarily optimized for speed.


*******************************************************************************
*** PLACEMENT SUMMARY
***

"A0":  place at address 0x20'0000 { ro section .intvec };
"P1":  place in [from 0x20'0000 to 0x2f'ffff] { ro };
define block CSTACK with size = 8K, alignment = 8 { };
define block PROC_STACK with size = 0, alignment = 8 { };
"P4":  place in [from 0x2000'0000 to 0x2000'ffff] {
          block CSTACK, block PROC_STACK };
define block HEAP with size = 8K, alignment = 8 { };
"P5":  place in [from 0x2001'0000 to 0x2004'bfff] |
                [from 0x2004'c000 to 0x2004'ffff] { rw, block HEAP };
initialize by copy { rw };

No sections matched the following patterns:

  ro section application_specific_ro  in "P2|P7"
  rw section application_specific_rw  in "P2|P7"
  section .backup_sram                in "P6"
  section .textrw                     in "P3"


  Section            Kind         Address  Alignment    Size  Object
  -------            ----         -------  ---------    ----  ------
"A0":                                                   0x40
  .intvec            ro code    0x20'0000          4    0x40  vector_table_M.o [4]
                              - 0x20'0040               0x40

"P1":                                                 0x2e20
  .text              ro code    0x20'0040          4   0xece  xprintffull_nomb.o [2]
  .rodata            const      0x20'0f0e          2     0x2  xlocale_c.o [2]
  .text              ro code    0x20'0f10          4    0x16  strchr.o [4]
  .text              ro code    0x20'0f26          2     0x2  vectortrap_M.o [4]
  .text              ro code    0x20'0f28          4    0x40  xfail_s.o [2]
  .text              ro code    0x20'0f68          4    0x36  strlen.o [4]
  .rodata            const      0x20'0f9e                0x1  xlocale_c.o [2]
  .text              ro code    0x20'0fa0          4    0x58  memchr.o [4]
  .text              ro code    0x20'0ff8          4    0x76  ABImemcpy_unaligned.o [4]
  .text              ro code    0x20'1070          4    0x70  frexp.o [3]
  .text              ro code    0x20'10e0          4    0x34  DblCmpLe.o [3]
  .text              ro code    0x20'1114          4    0x34  DblCmpGe.o [3]
  .text              ro code    0x20'1148          4   0x13a  ldexp.o [3]
  .text              ro code    0x20'1284          4    0x36  DblToS32.o [3]
  .text              ro code    0x20'12bc          4    0x22  S32ToDbl.o [3]
  .text              ro code    0x20'12e0          4   0x24e  DblAddSub.o [3]
  .text              ro code    0x20'1530          4   0x246  DblDiv.o [3]
  .text              ro code    0x20'1778          4    0x22  DblToU32.o [3]
  .text              ro code    0x20'179c          4    0x1c  U32ToDbl.o [3]
  .text              ro code    0x20'17b8          4   0x1aa  DblMul.o [3]
  .text              ro code    0x20'1964          4     0x8  xlocale_c.o [2]
  .text              ro code    0x20'196c          4   0x230  I64DivMod.o [4]
  .text              ro code    0x20'1b9c          2     0x6  abort.o [2]
  .text              ro code    0x20'1ba4          4     0x2  I64DivZer.o [4]
  .text              ro code    0x20'1ba8          4    0x14  exit.o [5]
  .text              ro code    0x20'1bbc          4    0x7c  iarttio.o [5]
  .text              ro code    0x20'1c38          4     0x8  XShttio.o [2]
  .text              ro code    0x20'1c40          4   0x360  pos_driver.o [1]
  .text              ro code    0x20'1fa0          4   0x1f2  manager.o [1]
  .text              ro code    0x20'2194          4    0x28  printf.o [2]
  .text              ro code    0x20'21bc          4   0x13c  heap0.o [2]
  .text              ro code    0x20'22f8          2    0x90  database.o [1]
  .text              ro code    0x20'2388          4   0x234  encrypt.o [1]
  .text              ro code    0x20'25bc          4    0x2c  xgetmemchunk.o [2]
  .text              ro code    0x20'25e8          4     0x6  ABImemclr4.o [4]
  .text              ro code    0x20'25f0          4    0xd8  linked_list.o [1]
  .text              ro code    0x20'26c8          4    0xa4  rand.o [2]
  .text              ro code    0x20'276c          2    0x7c  matrix_multiply.o [1]
  .text              ro code    0x20'27e8          4    0x32  ABImemset48.o [4]
  .text              ro code    0x20'281a          2     0x4  heaptramp0.o [2]
  .text              ro code    0x20'2820          4    0xbc  xxwritebuffered.o [2]
  .text              ro code    0x20'28dc          2    0x1e  dwrite.o [5]
  .text              ro code    0x20'28fa          2    0x20  iarwstd.o [5]
  .text              ro code    0x20'291a          2    0x22  iarwrite.o [5]
  .text              ro code    0x20'293c          2    0x9e  packbits_init.o [4]
  .rodata            const      0x20'29dc          4    0x48  encrypt.o [1]
  .rodata            const      0x20'2a24          4    0x48  encrypt.o [1]
  .text              ro code    0x20'2a6c          4    0x44  putchar.o [2]
  .text              ro code    0x20'2ab0          4    0x40  xcloseall.o [2]
  .text              ro code    0x20'2af0          2    0x38  zero_init3.o [4]
  .text              ro code    0x20'2b28          4    0x28  data_init.o [4]
  .text              ro code    0x20'2b50          4    0x22  fpinit_M.o [3]
  .iar.init_table    const      0x20'2b74          4    0x2c  - Linker created -
  .text              ro code    0x20'2ba0          4    0x1e  cmain.o [4]
  .text              ro code    0x20'2bbe          2     0x4  low_level_init.o [2]
  .text              ro code    0x20'2bc2          2     0x4  exit.o [2]
  .text              ro code    0x20'2bc8          4     0xe  cexit.o [4]
  .rodata            const      0x20'2bd8          4    0x1c  encrypt.o [1]
  .rodata            const      0x20'2bf4          4    0x1c  pos_driver.o [1]
  .rodata            const      0x20'2c10          4    0x1c  pos_driver.o [1]
  .text              ro code    0x20'2c2c          4    0x1c  cstartup_M.o [4]
  .rodata            const      0x20'2c48          4    0x18  pos_driver.o [1]
  .rodata            const      0x20'2c60          4    0x18  pos_driver.o [1]
  .rodata            const      0x20'2c78          4    0x18  pos_driver.o [1]
  .rodata            const      0x20'2c90          4    0x18  pos_driver.o [1]
  .text              ro code    0x20'2ca8          2    0x16  xprout.o [2]
  .rodata            const      0x20'2cc0          4    0x14  pos_driver.o [1]
  .rodata            const      0x20'2cd4          4    0x14  pos_driver.o [1]
  .rodata            const      0x20'2ce8          4    0x14  pos_driver.o [1]
  .rodata            const      0x20'2cfc          4    0x14  pos_driver.o [1]
  .rodata            const      0x20'2d10          4    0x14  pos_driver.o [1]
  .rodata            const      0x20'2d24          4    0x10  pos_driver.o [1]
  .rodata            const      0x20'2d34          4    0x10  pos_driver.o [1]
  .rodata            const      0x20'2d44          4    0x10  pos_driver.o [1]
  .rodata            const      0x20'2d54          4    0x10  pos_driver.o [1]
  .rodata            const      0x20'2d64          4    0x10  pos_driver.o [1]
  .rodata            const      0x20'2d74          4     0xc  pos_driver.o [1]
  .rodata            const      0x20'2d80          4     0x8  encrypt.o [1]
  .rodata            const      0x20'2d88          4     0x8  pos_driver.o [1]
  .rodata            const      0x20'2d90          4     0x8  pos_driver.o [1]
  .rodata            const      0x20'2d98          4     0x4  pos_driver.o [1]
  .text              ro code    0x20'2d9c          4     0x0  cstart_closeall.o [4]
  .rodata            const      0x20'2d9c                0x0  zero_init3.o [4]
  .rodata            const      0x20'2d9c                0x0  packbits_init.o [4]
  Initializer bytes  const      0x20'2d9c               0xc4  <for P5 s0>
                              - 0x20'2e60             0x2e20

"P4":                                                 0x2000
  CSTACK                      0x2000'0000          8  0x2000  <Block>
    CSTACK           uninit   0x2000'0000             0x2000  <Block tail>
                            - 0x2000'2000             0x2000

"P5", part 1 of 3:                                     0x188
  P5 s0                       0x2001'0000              0x188  <Init block>
    .data            inited   0x2001'0000          4    0x48  encrypt.o [1]
    .data            inited   0x2001'0048          4    0x48  xfiles.o [2]
    .data            inited   0x2001'0090          4    0x48  xfiles.o [2]
    .data            inited   0x2001'00d8          4    0x48  xfiles.o [2]
    .data            inited   0x2001'0120          4    0x38  xlocale_c.o [2]
    .data            inited   0x2001'0158          4    0x20  xfiles.o [2]
    .data            inited   0x2001'0178          4     0x8  rand.o [2]
    .data            inited   0x2001'0180          4     0x8  XShttio.o [2]
                            - 0x2001'0188              0x188

"P5", part 2 of 3:                                     0x190
  .bss               zero     0x2001'0188          4    0x84  rand.o [2]
  .bss               zero     0x2001'020c          4    0x54  xxwritebuffered.o [2]
  .bss               zero     0x2001'0260          4    0x50  xfiles.o [2]
  .bss               zero     0x2001'02b0          4    0x50  xfiles.o [2]
  .bss               zero     0x2001'0300          4     0x8  heap0.o [2]
  .bss               zero     0x2001'0308          4     0x4  linked_list.o [1]
  .bss               zero     0x2001'030c          4     0x4  linked_list.o [1]
  .bss               zero     0x2001'0310          4     0x4  xfail_s.o [2]
  .bss               zero     0x2001'0314          4     0x4  xgetmemchunk.o [2]
                            - 0x2001'0318              0x190

"P5", part 3 of 3:                                    0x2000
  HEAP                        0x2001'0318          8  0x2000  <Block>
    HEAP             uninit   0x2001'0318             0x2000  <Block tail>
                            - 0x2001'2318             0x2000

Unused ranges:

         From           To      Size
         ----           --      ----
    0x20'2e60    0x2f'ffff  0xf'd1a0
  0x2000'2000  0x2000'ffff    0xe000
  0x2001'2318  0x2004'bfff  0x3'9ce8
  0x2004'c000  0x2004'ffff    0x4000


*******************************************************************************
*** INIT TABLE
***

          Address      Size
          -------      ----
Zero (__iar_zero_init3)
    1 destination range, total size 0x190:
          0x2001'0188  0x190

Copy/packbits (__iar_packbits_init3)
    1 source range, total size 0xc4 (50% of destination):
            0x20'2d9c   0xc4
    1 destination range, total size 0x188:
          0x2001'0000  0x188



*******************************************************************************
*** MODULE SUMMARY
***

    Module                 ro code  ro data  rw data
    ------                 -------  -------  -------
command line/config:
    ------------------------------------------------
    Total:

D:\vector\customers\snph\IAR\Debug\Obj\src_15346631385785888340.dir: [1]
    database.o                 144
    encrypt.o                  564      216       72
    linked_list.o              216                 8
    manager.o                  498
    matrix_multiply.o          124
    pos_driver.o               864      364
    ------------------------------------------------
    Total:                   2'410      580       80

dl7M_tlf.a: [2]
    XShttio.o                    8        4        8
    abort.o                      6
    exit.o                       4
    heap0.o                    316                 8
    heaptramp0.o                 4
    low_level_init.o             4
    printf.o                    40
    putchar.o                   68
    rand.o                     164        4      140
    xcloseall.o                 64
    xfail_s.o                   64                 4
    xfiles.o                            124      408
    xgetmemchunk.o              44                 4
    xlocale_c.o                  8       31       56
    xprintffull_nomb.o       3'790
    xprout.o                    22
    xxwritebuffered.o          188                84
    ------------------------------------------------
    Total:                   4'794      163      712

m7M_tls.a: [3]
    DblAddSub.o                590
    DblCmpGe.o                  52
    DblCmpLe.o                  52
    DblDiv.o                   582
    DblMul.o                   426
    DblToS32.o                  54
    DblToU32.o                  34
    S32ToDbl.o                  34
    U32ToDbl.o                  28
    fpinit_M.o                  34
    frexp.o                    112
    ldexp.o                    314
    ------------------------------------------------
    Total:                   2'312

rt7M_tl.a: [4]
    ABImemclr4.o                 6
    ABImemcpy_unaligned.o      118
    ABImemset48.o               50
    I64DivMod.o                560
    I64DivZer.o                  2
    cexit.o                     14
    cmain.o                     30
    cstart_closeall.o
    cstartup_M.o                28
    data_init.o                 40
    memchr.o                    88
    packbits_init.o            158
    strchr.o                    22
    strlen.o                    54
    vector_table_M.o            64
    vectortrap_M.o               2
    zero_init3.o                56
    ------------------------------------------------
    Total:                   1'292

shb_l.a: [5]
    dwrite.o                    30
    exit.o                      20
    iarttio.o                  124
    iarwrite.o                  34
    iarwstd.o                   32
    ------------------------------------------------
    Total:                     240

    Gaps                        29        8
    Linker created                       44   16'384
----------------------------------------------------
    Grand Total:            11'077      795   17'176


*******************************************************************************
*** ENTRY LIST
***

Entry                       Address   Size  Type      Object
-----                       -------   ----  ----      ------
.iar.init_table$$Base     0x20'2b74          --   Gb  - Linker created -
.iar.init_table$$Limit    0x20'2ba0          --   Gb  - Linker created -
?main                     0x20'2ba1         Code  Gb  cmain.o [4]
Add_Included_Dessert      0x20'1fa1   0x3a  Code  Gb  manager.o [1]
Aldata                  0x2001'0300    0x8  Data  Lc  heap0.o [2]
BusFault_Handler          0x20'0f27         Code  Wk  vectortrap_M.o [4]
CSTACK$$Base            0x2000'0000          --   Gb  - Linker created -
CSTACK$$Limit           0x2000'2000          --   Gb  - Linker created -
Clear_Table               0x20'20b9   0x30  Code  Gb  manager.o [1]
DebugMon_Handler          0x20'0f27         Code  Wk  vectortrap_M.o [4]
Encrypt_Info              0x20'24f5   0x82  Code  Lc  encrypt.o [1]
Get_Check_Total           0x20'20e9   0x4c  Code  Gb  manager.o [1]
Get_Record                0x20'22f9   0x42  Code  Gb  database.o [1]
HEAP$$Base              0x2001'0318          --   Gb  - Linker created -
HEAP$$Limit             0x2001'2318          --   Gb  - Linker created -
HardFault_Handler         0x20'0f27         Code  Wk  vectortrap_M.o [4]
InsertDataItem            0x20'2609   0x54  Code  Gb  linked_list.o [1]
MemManage_Handler         0x20'0f27         Code  Wk  vectortrap_M.o [4]
NMI_Handler               0x20'0f27         Code  Wk  vectortrap_M.o [4]
Pay_The_Bill              0x20'213d   0x56  Code  Gb  manager.o [1]
PendSV_Handler            0x20'0f27         Code  Wk  vectortrap_M.o [4]
Place_Order               0x20'1fdb   0xde  Code  Gb  manager.o [1]
Region$$Table$$Base       0x20'2b74          --   Gb  - Linker created -
Region$$Table$$Limit      0x20'2ba0          --   Gb  - Linker created -
RemoveDataItem            0x20'265d   0x44  Code  Gb  linked_list.o [1]
Remove_Record             0x20'2377   0x12  Code  Gb  database.o [1]
SVC_Handler               0x20'0f27         Code  Wk  vectortrap_M.o [4]
SysTick_Handler           0x20'0f27         Code  Wk  vectortrap_M.o [4]
Update_Record             0x20'233b   0x3c  Code  Gb  database.o [1]
UsageFault_Handler        0x20'0f27         Code  Wk  vectortrap_M.o [4]
_Close_all                0x20'2ab1   0x40  Code  Gb  xcloseall.o [2]
_Files                  0x2001'0158   0x20  Data  Gb  xfiles.o [2]
_LC                       0x20'0041    0x6  Code  Lc  xprintffull_nomb.o [2]
_LitobFullNoMb            0x20'0d2d  0x114  Code  Lc  xprintffull_nomb.o [2]
_Locale_lconv           0x2001'0120   0x38  Data  Lc  xlocale_c.o [2]
_PrintfFullNoMb           0x20'0047  0xcb8  Code  Gb  xprintffull_nomb.o [2]
_Prout                    0x20'2ca9   0x16  Code  Gb  xprout.o [2]
_PutcharsFullNoMb         0x20'0e99   0x2e  Code  Lc  xprintffull_nomb.o [2]
_Rand_idx               0x2001'0208    0x4  Data  Lc  rand.o [2]
_Rand_rv                0x2001'0188   0x80  Data  Lc  rand.o [2]
_Randinit               0x2001'0178    0x1  Data  Gb  rand.o [2]
_Randseed               0x2001'017c    0x4  Data  Gb  rand.o [2]
__aeabi_cdcmple           0x20'10e1         Code  Gb  DblCmpLe.o [3]
__aeabi_cdrcmple          0x20'1115         Code  Gb  DblCmpGe.o [3]
__aeabi_d2iz              0x20'1285         Code  Gb  DblToS32.o [3]
__aeabi_d2uiz             0x20'1779         Code  Gb  DblToU32.o [3]
__aeabi_ddiv              0x20'1531         Code  Gb  DblDiv.o [3]
__aeabi_dmul              0x20'17b9         Code  Gb  DblMul.o [3]
__aeabi_dsub              0x20'144d         Code  Gb  DblAddSub.o [3]
__aeabi_i2d               0x20'12bd         Code  Gb  S32ToDbl.o [3]
__aeabi_ldiv0             0x20'1ba5         Code  Gb  I64DivZer.o [4]
__aeabi_memclr4           0x20'25e9         Code  Gb  ABImemclr4.o [4]
__aeabi_ui2d              0x20'179d         Code  Gb  U32ToDbl.o [3]
__aeabi_uldivmod          0x20'196d         Code  Gb  I64DivMod.o [4]
__basic_free              0x20'2269   0x16  Code  Gb  heap0.o [2]
__basic_free_intern       0x20'227f   0x74  Code  Lc  heap0.o [2]
__basic_malloc            0x20'21bd   0x18  Code  Gb  heap0.o [2]
__basic_malloc_intern     0x20'21d5   0x94  Code  Lc  heap0.o [2]
__cexit_closeall          0x20'2bcb         Code  Gb  cexit.o [4]
__cmain                   0x20'2ba1         Code  Gb  cmain.o [4]
__cstart_closeall         0x20'2d9c         Data  Gb  cstart_closeall.o [4]
__data_GetMemChunk        0x20'25bd   0x2c  Code  Gb  xgetmemchunk.o [2]
__data_GetMemChunk::start
                        0x2001'0314    0x4  Data  Lc  xgetmemchunk.o [2]
__dwrite                  0x20'28dd   0x1e  Code  Gb  dwrite.o [5]
__exit                    0x20'1ba9   0x14  Code  Gb  exit.o [5]
__iar_Fail_s              0x20'0f29   0x1c  Code  Gb  xfail_s.o [2]
__iar_Memchr              0x20'0fa1         Code  Gb  memchr.o [4]
__iar_Memset4_word        0x20'27e9         Code  Gb  ABImemset48.o [4]
__iar_Memset8_word        0x20'27e9         Code  Gb  ABImemset48.o [4]
__iar_Stderr            0x2001'00d8   0x48  Data  Gb  xfiles.o [2]
__iar_Stdin             0x2001'0048   0x48  Data  Gb  xfiles.o [2]
__iar_Stdout            0x2001'0090   0x48  Data  Gb  xfiles.o [2]
__iar_Strchr              0x20'0f11         Code  Gb  strchr.o [4]
__iar_close_ttio          0x20'1bbd   0x2c  Code  Gb  iarttio.o [5]
__iar_data_init3          0x20'2b29   0x28  Code  Gb  data_init.o [4]
__iar_frexp               0x20'107d         Code  Gb  frexp.o [3]
__iar_frexpl              0x20'107d         Code  Gb  frexp.o [3]
__iar_get_ttio            0x20'1be9   0x4c  Code  Gb  iarttio.o [5]
__iar_init_vfp            0x20'2b51         Code  Gb  fpinit_M.o [3]
__iar_ldexp64             0x20'1149         Code  Gb  ldexp.o [3]
__iar_lookup_ttioh        0x20'1c39    0x8  Code  Gb  XShttio.o [2]
__iar_packbits_init3      0x20'293d   0x9e  Code  Gb  packbits_init.o [4]
__iar_program_start       0x20'2c2d         Code  Gb  cstartup_M.o [4]
__iar_scalbln64           0x20'1149         Code  Gb  ldexp.o [3]
__iar_scalbn64            0x20'1149         Code  Gb  ldexp.o [3]
__iar_sh_stdout           0x20'28fb   0x20  Code  Gb  iarwstd.o [5]
__iar_sh_write            0x20'291b   0x22  Code  Gb  iarwrite.o [5]
__iar_softfp___iar_frexp64
                          0x20'1071         Code  Gb  frexp.o [3]
__iar_softfp_frexp        0x20'1071         Code  Gb  frexp.o [3]
__iar_softfp_frexpl       0x20'1071         Code  Gb  frexp.o [3]
__iar_ttio_handles      0x2001'0180    0x8  Data  Lc  XShttio.o [2]
__iar_unaligned_memcpy    0x20'0ff9         Code  Gb  ABImemcpy_unaligned.o [4]
__iar_unaligned_memcpy4
                          0x20'1019         Code  Gb  ABImemcpy_unaligned.o [4]
__iar_unaligned_memcpy8
                          0x20'1019         Code  Gb  ABImemcpy_unaligned.o [4]
__iar_zero_init3          0x20'2af1   0x38  Code  Gb  zero_init3.o [4]
__low_level_init          0x20'2bbf    0x4  Code  Gb  low_level_init.o [2]
__vector_table            0x20'0000         Data  Gb  vector_table_M.o [4]
__write_buffered          0x20'2821   0xbc  Code  Gb  xxwritebuffered.o [2]
_call_main                0x20'2bad         Code  Gb  cmain.o [4]
_exit                     0x20'2bc9         Code  Gb  cexit.o [4]
abort                     0x20'1b9d    0x6  Code  Gb  abort.o [2]
ebuf                    0x2001'0260   0x50  Data  Lc  xfiles.o [2]
encrypt_and_send          0x20'2435   0xa6  Code  Lc  encrypt.o [1]
exit                      0x20'2bc3    0x4  Code  Gb  exit.o [2]
findData                  0x20'26ad   0x1c  Code  Gb  linked_list.o [1]
findDataNode              0x20'25f1   0x18  Code  Lc  linked_list.o [1]
free                      0x20'281b    0x4  Code  Gb  heaptramp0.o [2]
generate_private_key      0x20'23d9   0x5c  Code  Lc  encrypt.o [1]
generate_private_key::private_key
                        0x2001'0000   0x48  Data  Lc  encrypt.o [1]
ldexp                     0x20'1149         Code  Gb  ldexp.o [3]
ldexpl                    0x20'1149         Code  Gb  ldexp.o [3]
linkedList              0x2001'0308    0x4  Data  Lc  linked_list.o [1]
linkedListEnd           0x2001'030c    0x4  Data  Lc  linked_list.o [1]
localeconv                0x20'1965    0x4  Code  Gb  xlocale_c.o [2]
main                      0x20'1c97  0x290  Code  Gb  pos_driver.o [1]
matrix_multiply           0x20'276d   0x7c  Code  Gb  matrix_multiply.o [1]
memchr                    0x20'0fa1         Code  Gb  memchr.o [4]
obuf                    0x2001'02b0   0x50  Data  Lc  xfiles.o [2]
printf                    0x20'2195   0x28  Code  Gb  printf.o [2]
putchar                   0x20'2a6d   0x44  Code  Gb  putchar.o [2]
rand                      0x20'26c9   0x88  Code  Gb  rand.o [2]
run_order_test            0x20'1c41   0x56  Code  Lc  pos_driver.o [1]
scalbln                   0x20'1149         Code  Gb  ldexp.o [3]
scalblnl                  0x20'1149         Code  Gb  ldexp.o [3]
scalbn                    0x20'1149         Code  Gb  ldexp.o [3]
scalbnl                   0x20'1149         Code  Gb  ldexp.o [3]
scale                     0x20'0e41   0x46  Code  Lc  xprintffull_nomb.o [2]
sec_hand                0x2001'0310    0x4  Data  Lc  xfail_s.o [2]
sendData                  0x20'2389   0x50  Code  Lc  encrypt.o [1]
srand                     0x20'2751    0xa  Code  Gb  rand.o [2]
store                   0x2001'020c   0x50  Data  Lc  xxwritebuffered.o [2]
storeLen                0x2001'025c    0x4  Data  Lc  xxwritebuffered.o [2]
strchr                    0x20'0f11         Code  Gb  strchr.o [4]
strlen                    0x20'0f69         Code  Gb  strlen.o [4]
transmit_Info             0x20'2577   0x46  Code  Gb  encrypt.o [1]


[1] = D:\vector\customers\snph\IAR\Debug\Obj\src_15346631385785888340.dir
[2] = dl7M_tlf.a
[3] = m7M_tls.a
[4] = rt7M_tl.a
[5] = shb_l.a

  11'077 bytes of readonly  code memory
     795 bytes of readonly  data memory
  17'176 bytes of readwrite data memory

Errors: none
Warnings: none
